0 verbose cli D:\node.exe D:\node_modules\npm\bin\npm-cli.js
1 info using npm@10.9.3
2 info using node@v22.19.0
3 silly config load:file:D:\node_modules\npm\npmrc
4 silly config load:file:D:\audit-cell\.npmrc
5 silly config load:file:C:\Users\Chandu\.npmrc
6 silly config load:file:D:\audit-cell\node_modules\etc\npmrc
7 verbose title npm install express mysql2 bcryptjs express-session dotenv
8 verbose argv "install" "express" "mysql2" "bcryptjs" "express-session" "dotenv"
9 verbose logfile logs-max:10 dir:D:\audit-cell\npm-cache\_logs\2025-09-19T06_29_45_262Z-
10 verbose logfile D:\audit-cell\npm-cache\_logs\2025-09-19T06_29_45_262Z-debug-0.log
11 silly logfile done cleaning log files
12 silly packumentCache heap:2197815296 maxSize:549453824 maxEntrySize:274726912
13 silly idealTree buildDeps
14 silly fetch manifest express@*
15 silly packumentCache full:https://registry.npmjs.org/express cache-miss
16 http fetch GET 200 https://registry.npmjs.org/express 1040ms (cache miss)
17 silly packumentCache full:https://registry.npmjs.org/express set size:undefined disposed:false
18 silly fetch manifest mysql2@*
19 silly packumentCache full:https://registry.npmjs.org/mysql2 cache-miss
20 http fetch GET 200 https://registry.npmjs.org/npm 1126ms
21 http fetch GET 200 https://registry.npmjs.org/mysql2 176ms (cache miss)
22 silly packumentCache full:https://registry.npmjs.org/mysql2 set size:undefined disposed:false
23 silly fetch manifest bcryptjs@*
24 silly packumentCache full:https://registry.npmjs.org/bcryptjs cache-miss
25 http fetch GET 200 https://registry.npmjs.org/bcryptjs 176ms (cache miss)
26 silly packumentCache full:https://registry.npmjs.org/bcryptjs set size:undefined disposed:false
27 silly fetch manifest express-session@*
28 silly packumentCache full:https://registry.npmjs.org/express-session cache-miss
29 http fetch GET 200 https://registry.npmjs.org/express-session 212ms (cache miss)
30 silly packumentCache full:https://registry.npmjs.org/express-session set size:undefined disposed:false
31 silly fetch manifest dotenv@*
32 silly packumentCache full:https://registry.npmjs.org/dotenv cache-miss
33 http fetch GET 200 https://registry.npmjs.org/dotenv 186ms (cache miss)
34 silly packumentCache full:https://registry.npmjs.org/dotenv set size:undefined disposed:false
35 silly placeDep ROOT bcryptjs@3.0.2 OK for: audit-cell@1.0.0 want: *
36 silly placeDep ROOT dotenv@17.2.2 OK for: audit-cell@1.0.0 want: *
37 silly placeDep ROOT express@5.1.0 OK for: audit-cell@1.0.0 want: *
38 silly placeDep ROOT express-session@1.18.2 OK for: audit-cell@1.0.0 want: *
39 silly placeDep ROOT mysql2@3.15.0 OK for: audit-cell@1.0.0 want: *
40 silly fetch manifest qs@^6.14.0
41 silly packumentCache full:https://registry.npmjs.org/qs cache-miss
42 silly fetch manifest etag@^1.8.1
43 silly packumentCache full:https://registry.npmjs.org/etag cache-miss
44 silly fetch manifest once@^1.4.0
45 silly packumentCache full:https://registry.npmjs.org/once cache-miss
46 silly fetch manifest send@^1.1.0
47 silly packumentCache full:https://registry.npmjs.org/send cache-miss
48 silly fetch manifest vary@^1.1.2
49 silly packumentCache full:https://registry.npmjs.org/vary cache-miss
50 silly fetch manifest debug@^4.4.0
51 silly packumentCache full:https://registry.npmjs.org/debug cache-miss
52 silly fetch manifest fresh@^2.0.0
53 silly packumentCache full:https://registry.npmjs.org/fresh cache-miss
54 silly fetch manifest cookie@^0.7.1
55 silly packumentCache full:https://registry.npmjs.org/cookie cache-miss
56 silly fetch manifest router@^2.2.0
57 silly packumentCache full:https://registry.npmjs.org/router cache-miss
58 silly fetch manifest accepts@^2.0.0
59 silly packumentCache full:https://registry.npmjs.org/accepts cache-miss
60 silly fetch manifest type-is@^2.0.1
61 silly packumentCache full:https://registry.npmjs.org/type-is cache-miss
62 http fetch GET 200 https://registry.npmjs.org/etag 190ms (cache miss)
63 silly packumentCache full:https://registry.npmjs.org/etag set size:undefined disposed:false
64 silly fetch manifest parseurl@^1.3.3
65 silly packumentCache full:https://registry.npmjs.org/parseurl cache-miss
66 http fetch GET 200 https://registry.npmjs.org/qs 207ms (cache miss)
67 silly packumentCache full:https://registry.npmjs.org/qs set size:undefined disposed:false
68 silly fetch manifest statuses@^2.0.1
69 silly packumentCache full:https://registry.npmjs.org/statuses cache-miss
70 http fetch GET 200 https://registry.npmjs.org/statuses 230ms (cache miss)
71 silly packumentCache full:https://registry.npmjs.org/statuses set size:undefined disposed:false
72 silly fetch manifest encodeurl@^2.0.0
73 silly packumentCache full:https://registry.npmjs.org/encodeurl cache-miss
74 http fetch GET 200 https://registry.npmjs.org/parseurl 254ms (cache miss)
75 silly packumentCache full:https://registry.npmjs.org/parseurl set size:undefined disposed:false
76 silly fetch manifest mime-types@^3.0.0
77 silly packumentCache full:https://registry.npmjs.org/mime-types cache-miss
78 http fetch GET 200 https://registry.npmjs.org/encodeurl 196ms (cache miss)
79 silly packumentCache full:https://registry.npmjs.org/encodeurl set size:undefined disposed:false
80 silly fetch manifest proxy-addr@^2.0.7
81 silly packumentCache full:https://registry.npmjs.org/proxy-addr cache-miss
82 http fetch GET 200 https://registry.npmjs.org/once 648ms (cache miss)
83 silly packumentCache full:https://registry.npmjs.org/once set size:undefined disposed:false
84 silly fetch manifest body-parser@^2.2.0
85 silly packumentCache full:https://registry.npmjs.org/body-parser cache-miss
86 http fetch GET 200 https://registry.npmjs.org/accepts 669ms (cache miss)
87 silly packumentCache full:https://registry.npmjs.org/accepts set size:undefined disposed:false
88 silly fetch manifest escape-html@^1.0.3
89 silly packumentCache full:https://registry.npmjs.org/escape-html cache-miss
90 http fetch GET 200 https://registry.npmjs.org/type-is 675ms (cache miss)
91 silly packumentCache full:https://registry.npmjs.org/type-is set size:undefined disposed:false
92 silly fetch manifest http-errors@^2.0.0
93 silly packumentCache full:https://registry.npmjs.org/http-errors cache-miss
94 http fetch GET 200 https://registry.npmjs.org/vary 691ms (cache miss)
95 silly packumentCache full:https://registry.npmjs.org/vary set size:undefined disposed:false
96 silly fetch manifest on-finished@^2.4.1
97 silly packumentCache full:https://registry.npmjs.org/on-finished cache-miss
98 http fetch GET 200 https://registry.npmjs.org/router 696ms (cache miss)
99 silly packumentCache full:https://registry.npmjs.org/router set size:undefined disposed:false
100 silly fetch manifest content-type@^1.0.5
101 silly packumentCache full:https://registry.npmjs.org/content-type cache-miss
102 http fetch GET 200 https://registry.npmjs.org/fresh 706ms (cache miss)
103 silly packumentCache full:https://registry.npmjs.org/fresh set size:undefined disposed:false
104 silly fetch manifest finalhandler@^2.1.0
105 silly packumentCache full:https://registry.npmjs.org/finalhandler cache-miss
106 http fetch GET 200 https://registry.npmjs.org/cookie 712ms (cache miss)
107 silly packumentCache full:https://registry.npmjs.org/cookie set size:undefined disposed:false
108 silly fetch manifest range-parser@^1.2.1
109 silly packumentCache full:https://registry.npmjs.org/range-parser cache-miss
110 http fetch GET 200 https://registry.npmjs.org/send 721ms (cache miss)
111 silly packumentCache full:https://registry.npmjs.org/send set size:undefined disposed:false
112 silly fetch manifest serve-static@^2.2.0
113 silly packumentCache full:https://registry.npmjs.org/serve-static cache-miss
114 http fetch GET 200 https://registry.npmjs.org/debug 724ms (cache miss)
115 silly packumentCache full:https://registry.npmjs.org/debug set size:undefined disposed:false
116 silly fetch manifest cookie-signature@^1.2.1
117 silly packumentCache full:https://registry.npmjs.org/cookie-signature cache-miss
118 http fetch GET 200 https://registry.npmjs.org/mime-types 289ms (cache miss)
119 silly packumentCache full:https://registry.npmjs.org/mime-types set size:undefined disposed:false
120 silly fetch manifest merge-descriptors@^2.0.0
121 silly packumentCache full:https://registry.npmjs.org/merge-descriptors cache-miss
122 http fetch GET 200 https://registry.npmjs.org/proxy-addr 99ms (cache miss)
123 silly packumentCache full:https://registry.npmjs.org/proxy-addr set size:undefined disposed:false
124 silly fetch manifest content-disposition@^1.0.0
125 silly packumentCache full:https://registry.npmjs.org/content-disposition cache-miss
126 http fetch GET 200 https://registry.npmjs.org/body-parser 118ms (cache miss)
127 silly packumentCache full:https://registry.npmjs.org/body-parser set size:undefined disposed:false
128 silly fetch manifest cookie@0.7.2
129 silly packumentCache full:https://registry.npmjs.org/cookie cache-miss
130 http cache https://registry.npmjs.org/cookie 14ms (cache hit)
131 silly packumentCache full:https://registry.npmjs.org/cookie set size:67180 disposed:false
132 silly fetch manifest cookie-signature@1.0.7
133 silly packumentCache full:https://registry.npmjs.org/cookie-signature cache-miss
134 http fetch GET 200 https://registry.npmjs.org/escape-html 115ms (cache miss)
135 silly packumentCache full:https://registry.npmjs.org/escape-html set size:undefined disposed:false
136 silly fetch manifest debug@2.6.9
137 silly packumentCache full:https://registry.npmjs.org/debug cache-miss
138 http cache https://registry.npmjs.org/debug 11ms (cache hit)
139 silly packumentCache full:https://registry.npmjs.org/debug set size:195840 disposed:false
140 silly fetch manifest depd@~2.0.0
141 silly packumentCache full:https://registry.npmjs.org/depd cache-miss
142 http fetch GET 200 https://registry.npmjs.org/on-finished 115ms (cache miss)
143 silly packumentCache full:https://registry.npmjs.org/on-finished set size:undefined disposed:false
144 silly fetch manifest on-headers@~1.1.0
145 silly packumentCache full:https://registry.npmjs.org/on-headers cache-miss
146 http fetch GET 200 https://registry.npmjs.org/http-errors 130ms (cache miss)
147 silly packumentCache full:https://registry.npmjs.org/http-errors set size:undefined disposed:false
148 silly fetch manifest parseurl@~1.3.3
149 silly packumentCache full:https://registry.npmjs.org/parseurl cache-miss
150 http cache https://registry.npmjs.org/parseurl 9ms (cache hit)
151 silly packumentCache full:https://registry.npmjs.org/parseurl set size:24148 disposed:false
152 silly fetch manifest safe-buffer@5.2.1
153 silly packumentCache full:https://registry.npmjs.org/safe-buffer cache-miss
154 http fetch GET 200 https://registry.npmjs.org/range-parser 108ms (cache miss)
155 silly packumentCache full:https://registry.npmjs.org/range-parser set size:undefined disposed:false
156 silly fetch manifest uid-safe@~2.1.5
157 silly packumentCache full:https://registry.npmjs.org/uid-safe cache-miss
158 http fetch GET 200 https://registry.npmjs.org/content-disposition 106ms (cache miss)
159 silly packumentCache full:https://registry.npmjs.org/content-disposition set size:undefined disposed:false
160 silly fetch manifest long@^5.2.1
161 silly packumentCache full:https://registry.npmjs.org/long cache-miss
162 http fetch GET 200 https://registry.npmjs.org/content-type 155ms (cache miss)
163 silly packumentCache full:https://registry.npmjs.org/content-type set size:undefined disposed:false
164 silly fetch manifest denque@^2.1.0
165 silly packumentCache full:https://registry.npmjs.org/denque cache-miss
166 http fetch GET 200 https://registry.npmjs.org/cookie-signature 133ms (cache miss)
167 silly packumentCache full:https://registry.npmjs.org/cookie-signature set size:undefined disposed:false
168 silly fetch manifest lru.min@^1.0.0
169 silly packumentCache full:https://registry.npmjs.org/lru.min cache-miss
170 http fetch GET 200 https://registry.npmjs.org/finalhandler 160ms (cache miss)
171 silly packumentCache full:https://registry.npmjs.org/finalhandler set size:undefined disposed:false
172 silly fetch manifest seq-queue@^0.0.5
173 silly packumentCache full:https://registry.npmjs.org/seq-queue cache-miss
174 http fetch GET 200 https://registry.npmjs.org/serve-static 155ms (cache miss)
175 silly packumentCache full:https://registry.npmjs.org/serve-static set size:undefined disposed:false
176 silly fetch manifest sqlstring@^2.3.2
177 silly packumentCache full:https://registry.npmjs.org/sqlstring cache-miss
178 http fetch GET 200 https://registry.npmjs.org/merge-descriptors 147ms (cache miss)
179 silly packumentCache full:https://registry.npmjs.org/merge-descriptors set size:undefined disposed:false
180 silly fetch manifest iconv-lite@^0.7.0
181 silly packumentCache full:https://registry.npmjs.org/iconv-lite cache-miss
182 http fetch GET 200 https://registry.npmjs.org/cookie-signature 103ms (cache miss)
183 silly packumentCache full:https://registry.npmjs.org/cookie-signature set size:undefined disposed:false
184 silly fetch manifest aws-ssl-profiles@^1.1.1
185 silly packumentCache full:https://registry.npmjs.org/aws-ssl-profiles cache-miss
186 http fetch GET 200 https://registry.npmjs.org/safe-buffer 260ms (cache miss)
187 silly packumentCache full:https://registry.npmjs.org/safe-buffer set size:undefined disposed:false
188 silly fetch manifest generate-function@^2.3.1
189 silly packumentCache full:https://registry.npmjs.org/generate-function cache-miss
190 http fetch GET 200 https://registry.npmjs.org/long 237ms (cache miss)
191 silly packumentCache full:https://registry.npmjs.org/long set size:undefined disposed:false
192 silly fetch manifest named-placeholders@^1.1.3
193 silly packumentCache full:https://registry.npmjs.org/named-placeholders cache-miss
194 http fetch GET 200 https://registry.npmjs.org/on-headers 285ms (cache miss)
195 silly packumentCache full:https://registry.npmjs.org/on-headers set size:undefined disposed:false
196 http fetch GET 200 https://registry.npmjs.org/aws-ssl-profiles 208ms (cache miss)
197 silly packumentCache full:https://registry.npmjs.org/aws-ssl-profiles set size:undefined disposed:false
198 http fetch GET 200 https://registry.npmjs.org/uid-safe 273ms (cache miss)
199 silly packumentCache full:https://registry.npmjs.org/uid-safe set size:undefined disposed:false
200 http fetch GET 200 https://registry.npmjs.org/depd 300ms (cache miss)
201 silly packumentCache full:https://registry.npmjs.org/depd set size:undefined disposed:false
202 http fetch GET 200 https://registry.npmjs.org/lru.min 248ms (cache miss)
203 silly packumentCache full:https://registry.npmjs.org/lru.min set size:undefined disposed:false
204 http fetch GET 200 https://registry.npmjs.org/sqlstring 231ms (cache miss)
205 silly packumentCache full:https://registry.npmjs.org/sqlstring set size:undefined disposed:false
206 http fetch GET 200 https://registry.npmjs.org/denque 256ms (cache miss)
207 silly packumentCache full:https://registry.npmjs.org/denque set size:undefined disposed:false
208 http fetch GET 200 https://registry.npmjs.org/seq-queue 247ms (cache miss)
209 silly packumentCache full:https://registry.npmjs.org/seq-queue set size:undefined disposed:false
210 http fetch GET 200 https://registry.npmjs.org/iconv-lite 237ms (cache miss)
211 silly packumentCache full:https://registry.npmjs.org/iconv-lite set size:undefined disposed:false
212 http fetch GET 200 https://registry.npmjs.org/named-placeholders 210ms (cache miss)
213 silly packumentCache full:https://registry.npmjs.org/named-placeholders set size:undefined disposed:false
214 http fetch GET 200 https://registry.npmjs.org/generate-function 218ms (cache miss)
215 silly packumentCache full:https://registry.npmjs.org/generate-function set size:undefined disposed:false
216 silly placeDep ROOT accepts@2.0.0 OK for: express@5.1.0 want: ^2.0.0
217 silly placeDep ROOT body-parser@2.2.0 OK for: express@5.1.0 want: ^2.2.0
218 silly placeDep ROOT content-disposition@1.0.0 OK for: express@5.1.0 want: ^1.0.0
219 silly placeDep ROOT content-type@1.0.5 OK for: express@5.1.0 want: ^1.0.5
220 silly placeDep ROOT cookie@0.7.2 OK for: express@5.1.0 want: ^0.7.1
221 silly placeDep ROOT cookie-signature@1.2.2 OK for: express@5.1.0 want: ^1.2.1
222 silly placeDep ROOT debug@4.4.3 OK for: express@5.1.0 want: ^4.4.0
223 silly placeDep ROOT encodeurl@2.0.0 OK for: express@5.1.0 want: ^2.0.0
224 silly placeDep ROOT escape-html@1.0.3 OK for: express@5.1.0 want: ^1.0.3
225 silly placeDep ROOT etag@1.8.1 OK for: express@5.1.0 want: ^1.8.1
226 silly placeDep ROOT finalhandler@2.1.0 OK for: express@5.1.0 want: ^2.1.0
227 silly placeDep ROOT fresh@2.0.0 OK for: express@5.1.0 want: ^2.0.0
228 silly placeDep ROOT http-errors@2.0.0 OK for: express@5.1.0 want: ^2.0.0
229 silly placeDep ROOT merge-descriptors@2.0.0 OK for: express@5.1.0 want: ^2.0.0
230 silly placeDep ROOT mime-types@3.0.1 OK for: express@5.1.0 want: ^3.0.0
231 silly placeDep ROOT on-finished@2.4.1 OK for: express@5.1.0 want: ^2.4.1
232 silly placeDep ROOT once@1.4.0 OK for: express@5.1.0 want: ^1.4.0
233 silly placeDep ROOT parseurl@1.3.3 OK for: express@5.1.0 want: ^1.3.3
234 silly placeDep ROOT proxy-addr@2.0.7 OK for: express@5.1.0 want: ^2.0.7
235 silly placeDep ROOT qs@6.14.0 OK for: express@5.1.0 want: ^6.14.0
236 silly placeDep ROOT range-parser@1.2.1 OK for: express@5.1.0 want: ^1.2.1
237 silly placeDep ROOT router@2.2.0 OK for: express@5.1.0 want: ^2.2.0
238 silly placeDep ROOT send@1.2.0 OK for: express@5.1.0 want: ^1.1.0
239 silly placeDep ROOT serve-static@2.2.0 OK for: express@5.1.0 want: ^2.2.0
240 silly placeDep ROOT statuses@2.0.2 OK for: express@5.1.0 want: ^2.0.1
241 silly placeDep ROOT type-is@2.0.1 OK for: express@5.1.0 want: ^2.0.1
242 silly placeDep ROOT vary@1.1.2 OK for: express@5.1.0 want: ^1.1.2
243 silly fetch manifest negotiator@^1.0.0
244 silly packumentCache full:https://registry.npmjs.org/negotiator cache-miss
245 silly fetch manifest bytes@^3.1.2
246 silly packumentCache full:https://registry.npmjs.org/bytes cache-miss
247 silly fetch manifest iconv-lite@^0.6.3
248 silly packumentCache full:https://registry.npmjs.org/iconv-lite cache-miss
249 silly fetch manifest raw-body@^3.0.0
250 silly packumentCache full:https://registry.npmjs.org/raw-body cache-miss
251 silly fetch manifest type-is@^2.0.0
252 silly packumentCache full:https://registry.npmjs.org/type-is cache-miss
253 silly fetch manifest ms@^2.1.3
254 silly packumentCache full:https://registry.npmjs.org/ms cache-miss
255 silly fetch manifest depd@2.0.0
256 silly packumentCache full:https://registry.npmjs.org/depd cache-miss
257 silly fetch manifest inherits@2.0.4
258 silly packumentCache full:https://registry.npmjs.org/inherits cache-miss
259 silly fetch manifest statuses@2.0.1
260 silly packumentCache full:https://registry.npmjs.org/statuses cache-miss
261 silly fetch manifest toidentifier@1.0.1
262 silly packumentCache full:https://registry.npmjs.org/toidentifier cache-miss
263 silly fetch manifest setprototypeof@1.2.0
264 silly packumentCache full:https://registry.npmjs.org/setprototypeof cache-miss
265 http cache https://registry.npmjs.org/iconv-lite 13ms (cache hit)
266 silly packumentCache full:https://registry.npmjs.org/iconv-lite set size:118890 disposed:false
267 silly fetch manifest mime-db@^1.54.0
268 silly packumentCache full:https://registry.npmjs.org/mime-db cache-miss
269 http cache https://registry.npmjs.org/depd 15ms (cache hit)
270 silly packumentCache full:https://registry.npmjs.org/depd set size:40182 disposed:false
271 silly fetch manifest ee-first@1.1.1
272 silly packumentCache full:https://registry.npmjs.org/ee-first cache-miss
273 http cache https://registry.npmjs.org/type-is 18ms (cache hit)
274 silly packumentCache full:https://registry.npmjs.org/type-is set size:86196 disposed:false
275 silly fetch manifest wrappy@1
276 silly packumentCache full:https://registry.npmjs.org/wrappy cache-miss
277 http cache https://registry.npmjs.org/statuses 18ms (cache hit)
278 silly packumentCache full:https://registry.npmjs.org/statuses set size:37117 disposed:false
279 silly fetch manifest forwarded@0.2.0
280 silly packumentCache full:https://registry.npmjs.org/forwarded cache-miss
281 http fetch GET 200 https://registry.npmjs.org/bytes 118ms (cache miss)
282 silly packumentCache full:https://registry.npmjs.org/bytes set size:undefined disposed:false
283 silly fetch manifest ipaddr.js@1.9.1
284 silly packumentCache full:https://registry.npmjs.org/ipaddr.js cache-miss
285 http fetch GET 200 https://registry.npmjs.org/negotiator 143ms (cache miss)
286 silly packumentCache full:https://registry.npmjs.org/negotiator set size:undefined disposed:false
287 silly fetch manifest side-channel@^1.1.0
288 silly packumentCache full:https://registry.npmjs.org/side-channel cache-miss
289 http fetch GET 200 https://registry.npmjs.org/forwarded 143ms (cache miss)
290 silly packumentCache full:https://registry.npmjs.org/forwarded set size:undefined disposed:false
291 silly fetch manifest depd@^2.0.0
292 silly packumentCache full:https://registry.npmjs.org/depd cache-hit
293 silly fetch manifest is-promise@^4.0.0
294 silly packumentCache full:https://registry.npmjs.org/is-promise cache-miss
295 http fetch GET 200 https://registry.npmjs.org/wrappy 163ms (cache miss)
296 silly packumentCache full:https://registry.npmjs.org/wrappy set size:undefined disposed:false
297 silly fetch manifest path-to-regexp@^8.0.0
298 silly packumentCache full:https://registry.npmjs.org/path-to-regexp cache-miss
299 http fetch GET 200 https://registry.npmjs.org/setprototypeof 191ms (cache miss)
300 silly packumentCache full:https://registry.npmjs.org/setprototypeof set size:undefined disposed:false
301 silly fetch manifest ms@^2.1.3
302 silly packumentCache full:https://registry.npmjs.org/ms cache-miss
303 http fetch GET 200 https://registry.npmjs.org/inherits 201ms (cache miss)
304 silly packumentCache full:https://registry.npmjs.org/inherits set size:undefined disposed:false
305 silly fetch manifest media-typer@^1.1.0
306 silly packumentCache full:https://registry.npmjs.org/media-typer cache-miss
307 http fetch GET 200 https://registry.npmjs.org/toidentifier 208ms (cache miss)
308 silly packumentCache full:https://registry.npmjs.org/toidentifier set size:undefined disposed:false
309 http fetch GET 200 https://registry.npmjs.org/raw-body 213ms (cache miss)
310 silly packumentCache full:https://registry.npmjs.org/raw-body set size:undefined disposed:false
311 http fetch GET 200 https://registry.npmjs.org/mime-db 207ms (cache miss)
312 silly packumentCache full:https://registry.npmjs.org/mime-db set size:undefined disposed:false
313 http fetch GET 200 https://registry.npmjs.org/ee-first 210ms (cache miss)
314 silly packumentCache full:https://registry.npmjs.org/ee-first set size:undefined disposed:false
315 http fetch GET 200 https://registry.npmjs.org/ms 227ms (cache miss)
316 silly packumentCache full:https://registry.npmjs.org/ms set size:undefined disposed:false
317 http fetch GET 200 https://registry.npmjs.org/ipaddr.js 116ms (cache miss)
318 silly packumentCache full:https://registry.npmjs.org/ipaddr.js set size:undefined disposed:false
319 http fetch GET 200 https://registry.npmjs.org/side-channel 113ms (cache miss)
320 silly packumentCache full:https://registry.npmjs.org/side-channel set size:undefined disposed:false
321 http fetch GET 200 https://registry.npmjs.org/is-promise 105ms (cache miss)
322 silly packumentCache full:https://registry.npmjs.org/is-promise set size:undefined disposed:false
323 http fetch GET 200 https://registry.npmjs.org/media-typer 111ms (cache miss)
324 silly packumentCache full:https://registry.npmjs.org/media-typer set size:undefined disposed:false
325 http fetch GET 200 https://registry.npmjs.org/ms 123ms (cache miss)
326 silly packumentCache full:https://registry.npmjs.org/ms set size:undefined disposed:false
327 http fetch GET 200 https://registry.npmjs.org/path-to-regexp 151ms (cache miss)
328 silly packumentCache full:https://registry.npmjs.org/path-to-regexp set size:undefined disposed:false
329 silly placeDep ROOT negotiator@1.0.0 OK for: accepts@2.0.0 want: ^1.0.0
330 silly placeDep ROOT bytes@3.1.2 OK for: body-parser@2.2.0 want: ^3.1.2
331 silly placeDep ROOT iconv-lite@0.6.3 OK for: body-parser@2.2.0 want: ^0.6.3
332 silly placeDep ROOT raw-body@3.0.1 OK for: body-parser@2.2.0 want: ^3.0.0
333 silly fetch manifest safer-buffer@>= 2.1.2 < 3.0.0
334 silly packumentCache full:https://registry.npmjs.org/safer-buffer cache-miss
335 silly fetch manifest iconv-lite@0.7.0
336 silly packumentCache full:https://registry.npmjs.org/iconv-lite cache-hit
337 silly fetch manifest unpipe@1.0.0
338 silly packumentCache full:https://registry.npmjs.org/unpipe cache-miss
339 http fetch GET 200 https://registry.npmjs.org/safer-buffer 108ms (cache miss)
340 silly packumentCache full:https://registry.npmjs.org/safer-buffer set size:undefined disposed:false
341 http fetch GET 200 https://registry.npmjs.org/unpipe 124ms (cache miss)
342 silly packumentCache full:https://registry.npmjs.org/unpipe set size:undefined disposed:false
343 silly placeDep ROOT safe-buffer@5.2.1 OK for: content-disposition@1.0.0 want: 5.2.1
344 silly placeDep ROOT ms@2.1.3 OK for: debug@4.4.3 want: ^2.1.3
345 silly placeDep node_modules/express-session cookie-signature@1.0.7 OK for: express-session@1.18.2 want: 1.0.7
346 silly placeDep node_modules/express-session debug@2.6.9 OK for: express-session@1.18.2 want: 2.6.9
347 silly placeDep ROOT depd@2.0.0 OK for: express-session@1.18.2 want: ~2.0.0
348 silly placeDep ROOT on-headers@1.1.0 OK for: express-session@1.18.2 want: ~1.1.0
349 silly placeDep ROOT uid-safe@2.1.5 OK for: express-session@1.18.2 want: ~2.1.5
350 silly fetch manifest ms@2.0.0
351 silly packumentCache full:https://registry.npmjs.org/ms cache-miss
352 silly fetch manifest random-bytes@~1.0.0
353 silly packumentCache full:https://registry.npmjs.org/random-bytes cache-miss
354 http cache https://registry.npmjs.org/ms 9ms (cache hit)
355 silly packumentCache full:https://registry.npmjs.org/ms set size:92208 disposed:false
356 http fetch GET 200 https://registry.npmjs.org/random-bytes 185ms (cache miss)
357 silly packumentCache full:https://registry.npmjs.org/random-bytes set size:undefined disposed:false
358 silly placeDep ROOT inherits@2.0.4 OK for: http-errors@2.0.0 want: 2.0.4
359 silly placeDep ROOT setprototypeof@1.2.0 OK for: http-errors@2.0.0 want: 1.2.0
360 silly placeDep node_modules/http-errors statuses@2.0.1 OK for: http-errors@2.0.0 want: 2.0.1
361 silly placeDep ROOT toidentifier@1.0.1 OK for: http-errors@2.0.0 want: 1.0.1
362 silly placeDep ROOT safer-buffer@2.1.2 OK for: iconv-lite@0.6.3 want: >= 2.1.2 < 3.0.0
363 silly placeDep ROOT mime-db@1.54.0 OK for: mime-types@3.0.1 want: ^1.54.0
364 silly placeDep ROOT aws-ssl-profiles@1.1.2 OK for: mysql2@3.15.0 want: ^1.1.1
365 silly placeDep ROOT denque@2.1.0 OK for: mysql2@3.15.0 want: ^2.1.0
366 silly placeDep ROOT generate-function@2.3.1 OK for: mysql2@3.15.0 want: ^2.3.1
367 silly placeDep node_modules/mysql2 iconv-lite@0.7.0 OK for: mysql2@3.15.0 want: ^0.7.0
368 silly placeDep ROOT long@5.3.2 OK for: mysql2@3.15.0 want: ^5.2.1
369 silly placeDep ROOT lru.min@1.1.2 OK for: mysql2@3.15.0 want: ^1.0.0
370 silly placeDep ROOT named-placeholders@1.1.3 OK for: mysql2@3.15.0 want: ^1.1.3
371 silly placeDep ROOT seq-queue@0.0.5 OK for: mysql2@3.15.0 want: ^0.0.5
372 silly placeDep ROOT sqlstring@2.3.3 OK for: mysql2@3.15.0 want: ^2.3.2
373 silly fetch manifest is-property@^1.0.2
374 silly packumentCache full:https://registry.npmjs.org/is-property cache-miss
375 silly fetch manifest lru-cache@^7.14.1
376 silly packumentCache full:https://registry.npmjs.org/lru-cache cache-miss
377 http fetch GET 200 https://registry.npmjs.org/is-property 106ms (cache miss)
378 silly packumentCache full:https://registry.npmjs.org/is-property set size:undefined disposed:false
379 http fetch GET 200 https://registry.npmjs.org/lru-cache 201ms (cache miss)
380 silly packumentCache full:https://registry.npmjs.org/lru-cache set size:undefined disposed:false
381 silly placeDep ROOT is-property@1.0.2 OK for: generate-function@2.3.1 want: ^1.0.2
382 silly placeDep ROOT lru-cache@7.18.3 OK for: named-placeholders@1.1.3 want: ^7.14.1
383 silly placeDep ROOT ee-first@1.1.1 OK for: on-finished@2.4.1 want: 1.1.1
384 silly placeDep ROOT wrappy@1.0.2 OK for: once@1.4.0 want: 1
385 silly placeDep ROOT forwarded@0.2.0 OK for: proxy-addr@2.0.7 want: 0.2.0
386 silly placeDep ROOT ipaddr.js@1.9.1 OK for: proxy-addr@2.0.7 want: 1.9.1
387 silly placeDep ROOT side-channel@1.1.0 OK for: qs@6.14.0 want: ^1.1.0
388 silly fetch manifest es-errors@^1.3.0
389 silly packumentCache full:https://registry.npmjs.org/es-errors cache-miss
390 silly fetch manifest object-inspect@^1.13.3
391 silly packumentCache full:https://registry.npmjs.org/object-inspect cache-miss
392 silly fetch manifest side-channel-list@^1.0.0
393 silly packumentCache full:https://registry.npmjs.org/side-channel-list cache-miss
394 silly fetch manifest side-channel-map@^1.0.1
395 silly packumentCache full:https://registry.npmjs.org/side-channel-map cache-miss
396 silly fetch manifest side-channel-weakmap@^1.0.2
397 silly packumentCache full:https://registry.npmjs.org/side-channel-weakmap cache-miss
398 http fetch GET 200 https://registry.npmjs.org/side-channel-list 114ms (cache miss)
399 silly packumentCache full:https://registry.npmjs.org/side-channel-list set size:undefined disposed:false
400 http fetch GET 200 https://registry.npmjs.org/side-channel-weakmap 119ms (cache miss)
401 silly packumentCache full:https://registry.npmjs.org/side-channel-weakmap set size:undefined disposed:false
402 http fetch GET 200 https://registry.npmjs.org/object-inspect 125ms (cache miss)
403 silly packumentCache full:https://registry.npmjs.org/object-inspect set size:undefined disposed:false
404 http fetch GET 200 https://registry.npmjs.org/side-channel-map 131ms (cache miss)
405 silly packumentCache full:https://registry.npmjs.org/side-channel-map set size:undefined disposed:false
406 http fetch GET 200 https://registry.npmjs.org/es-errors 133ms (cache miss)
407 silly packumentCache full:https://registry.npmjs.org/es-errors set size:undefined disposed:false
408 silly placeDep node_modules/raw-body iconv-lite@0.7.0 OK for: raw-body@3.0.1 want: 0.7.0
409 silly placeDep ROOT unpipe@1.0.0 OK for: raw-body@3.0.1 want: 1.0.0
410 silly placeDep ROOT is-promise@4.0.0 OK for: router@2.2.0 want: ^4.0.0
411 silly placeDep ROOT path-to-regexp@8.3.0 OK for: router@2.2.0 want: ^8.0.0
412 silly placeDep ROOT es-errors@1.3.0 OK for: side-channel@1.1.0 want: ^1.3.0
413 silly placeDep ROOT object-inspect@1.13.4 OK for: side-channel@1.1.0 want: ^1.13.3
414 silly placeDep ROOT side-channel-list@1.0.0 OK for: side-channel@1.1.0 want: ^1.0.0
415 silly placeDep ROOT side-channel-map@1.0.1 OK for: side-channel@1.1.0 want: ^1.0.1
416 silly placeDep ROOT side-channel-weakmap@1.0.2 OK for: side-channel@1.1.0 want: ^1.0.2
417 silly fetch manifest call-bound@^1.0.2
418 silly packumentCache full:https://registry.npmjs.org/call-bound cache-miss
419 silly fetch manifest get-intrinsic@^1.2.5
420 silly packumentCache full:https://registry.npmjs.org/get-intrinsic cache-miss
421 silly fetch manifest call-bound@^1.0.2
422 silly packumentCache full:https://registry.npmjs.org/call-bound cache-miss
423 silly fetch manifest get-intrinsic@^1.2.5
424 silly packumentCache full:https://registry.npmjs.org/get-intrinsic cache-miss
425 http fetch GET 200 https://registry.npmjs.org/call-bound 111ms (cache miss)
426 silly packumentCache full:https://registry.npmjs.org/call-bound set size:undefined disposed:false
427 http fetch GET 200 https://registry.npmjs.org/call-bound 115ms (cache miss)
428 silly packumentCache full:https://registry.npmjs.org/call-bound set size:undefined disposed:false
429 http fetch GET 200 https://registry.npmjs.org/get-intrinsic 149ms (cache miss)
430 silly packumentCache full:https://registry.npmjs.org/get-intrinsic set size:undefined disposed:false
431 http fetch GET 200 https://registry.npmjs.org/get-intrinsic 152ms (cache miss)
432 silly packumentCache full:https://registry.npmjs.org/get-intrinsic set size:undefined disposed:false
433 silly placeDep ROOT call-bound@1.0.4 OK for: side-channel-map@1.0.1 want: ^1.0.2
434 silly placeDep ROOT get-intrinsic@1.3.0 OK for: side-channel-map@1.0.1 want: ^1.2.5
435 silly fetch manifest call-bind-apply-helpers@^1.0.2
436 silly packumentCache full:https://registry.npmjs.org/call-bind-apply-helpers cache-miss
437 silly fetch manifest get-intrinsic@^1.3.0
438 silly packumentCache full:https://registry.npmjs.org/get-intrinsic cache-miss
439 silly fetch manifest call-bind-apply-helpers@^1.0.2
440 silly packumentCache full:https://registry.npmjs.org/call-bind-apply-helpers cache-miss
441 silly fetch manifest es-define-property@^1.0.1
442 silly packumentCache full:https://registry.npmjs.org/es-define-property cache-miss
443 silly fetch manifest es-object-atoms@^1.1.1
444 silly packumentCache full:https://registry.npmjs.org/es-object-atoms cache-miss
445 silly fetch manifest function-bind@^1.1.2
446 silly packumentCache full:https://registry.npmjs.org/function-bind cache-miss
447 silly fetch manifest get-proto@^1.0.1
448 silly packumentCache full:https://registry.npmjs.org/get-proto cache-miss
449 silly fetch manifest gopd@^1.2.0
450 silly packumentCache full:https://registry.npmjs.org/gopd cache-miss
451 silly fetch manifest has-symbols@^1.1.0
452 silly packumentCache full:https://registry.npmjs.org/has-symbols cache-miss
453 silly fetch manifest hasown@^2.0.2
454 silly packumentCache full:https://registry.npmjs.org/hasown cache-miss
455 silly fetch manifest math-intrinsics@^1.1.0
456 silly packumentCache full:https://registry.npmjs.org/math-intrinsics cache-miss
457 http cache https://registry.npmjs.org/get-intrinsic 42ms (cache hit)
458 silly packumentCache full:https://registry.npmjs.org/get-intrinsic set size:57687 disposed:false
459 http fetch GET 200 https://registry.npmjs.org/es-object-atoms 135ms (cache miss)
460 silly packumentCache full:https://registry.npmjs.org/es-object-atoms set size:undefined disposed:false
461 http fetch GET 200 https://registry.npmjs.org/function-bind 138ms (cache miss)
462 silly packumentCache full:https://registry.npmjs.org/function-bind set size:undefined disposed:false
463 http fetch GET 200 https://registry.npmjs.org/gopd 147ms (cache miss)
464 silly packumentCache full:https://registry.npmjs.org/gopd set size:undefined disposed:false
465 http fetch GET 200 https://registry.npmjs.org/get-proto 161ms (cache miss)
466 silly packumentCache full:https://registry.npmjs.org/get-proto set size:undefined disposed:false
467 http fetch GET 200 https://registry.npmjs.org/call-bind-apply-helpers 165ms (cache miss)
468 silly packumentCache full:https://registry.npmjs.org/call-bind-apply-helpers set size:undefined disposed:false
469 http fetch GET 200 https://registry.npmjs.org/math-intrinsics 190ms (cache miss)
470 silly packumentCache full:https://registry.npmjs.org/math-intrinsics set size:undefined disposed:false
471 http fetch GET 200 https://registry.npmjs.org/hasown 199ms (cache miss)
472 silly packumentCache full:https://registry.npmjs.org/hasown set size:undefined disposed:false
473 http fetch GET 200 https://registry.npmjs.org/call-bind-apply-helpers 208ms (cache miss)
474 silly packumentCache full:https://registry.npmjs.org/call-bind-apply-helpers set size:undefined disposed:false
475 http fetch GET 200 https://registry.npmjs.org/es-define-property 212ms (cache miss)
476 silly packumentCache full:https://registry.npmjs.org/es-define-property set size:undefined disposed:false
477 http fetch GET 200 https://registry.npmjs.org/has-symbols 217ms (cache miss)
478 silly packumentCache full:https://registry.npmjs.org/has-symbols set size:undefined disposed:false
479 silly placeDep ROOT call-bind-apply-helpers@1.0.2 OK for: call-bound@1.0.4 want: ^1.0.2
480 silly placeDep ROOT function-bind@1.1.2 OK for: call-bind-apply-helpers@1.0.2 want: ^1.1.2
481 silly placeDep ROOT es-define-property@1.0.1 OK for: get-intrinsic@1.3.0 want: ^1.0.1
482 silly placeDep ROOT es-object-atoms@1.1.1 OK for: get-intrinsic@1.3.0 want: ^1.1.1
483 silly placeDep ROOT get-proto@1.0.1 OK for: get-intrinsic@1.3.0 want: ^1.0.1
484 silly placeDep ROOT gopd@1.2.0 OK for: get-intrinsic@1.3.0 want: ^1.2.0
485 silly placeDep ROOT has-symbols@1.1.0 OK for: get-intrinsic@1.3.0 want: ^1.1.0
486 silly placeDep ROOT hasown@2.0.2 OK for: get-intrinsic@1.3.0 want: ^2.0.2
487 silly placeDep ROOT math-intrinsics@1.1.0 OK for: get-intrinsic@1.3.0 want: ^1.1.0
488 silly fetch manifest dunder-proto@^1.0.1
489 silly packumentCache full:https://registry.npmjs.org/dunder-proto cache-miss
490 http fetch GET 200 https://registry.npmjs.org/dunder-proto 118ms (cache miss)
491 silly packumentCache full:https://registry.npmjs.org/dunder-proto set size:undefined disposed:false
492 silly placeDep ROOT dunder-proto@1.0.1 OK for: get-proto@1.0.1 want: ^1.0.1
493 silly placeDep ROOT media-typer@1.1.0 OK for: type-is@2.0.1 want: ^1.1.0
494 silly placeDep ROOT random-bytes@1.0.0 OK for: uid-safe@2.1.5 want: ~1.0.0
495 silly placeDep node_modules/express-session ms@2.0.0 OK for: debug@2.6.9 want: 2.0.0
496 silly reify mark retired [ 'D:\\audit-cell\\node_modules\\etc' ]
497 silly reify moves {
497 silly reify   'D:\\audit-cell\\node_modules\\etc': 'D:\\audit-cell\\node_modules\\.etc-CdzwomiS'
497 silly reify }
498 silly audit bulk request {
498 silly audit   bcryptjs: [ '3.0.2' ],
498 silly audit   dotenv: [ '17.2.2' ],
498 silly audit   express: [ '5.1.0' ],
498 silly audit   'express-session': [ '1.18.2' ],
498 silly audit   mysql2: [ '3.15.0' ],
498 silly audit   accepts: [ '2.0.0' ],
498 silly audit   'body-parser': [ '2.2.0' ],
498 silly audit   'content-disposition': [ '1.0.0' ],
498 silly audit   'content-type': [ '1.0.5' ],
498 silly audit   cookie: [ '0.7.2' ],
498 silly audit   'cookie-signature': [ '1.2.2', '1.0.7' ],
498 silly audit   debug: [ '4.4.3', '2.6.9' ],
498 silly audit   encodeurl: [ '2.0.0' ],
498 silly audit   'escape-html': [ '1.0.3' ],
498 silly audit   etag: [ '1.8.1' ],
498 silly audit   finalhandler: [ '2.1.0' ],
498 silly audit   fresh: [ '2.0.0' ],
498 silly audit   'http-errors': [ '2.0.0' ],
498 silly audit   'merge-descriptors': [ '2.0.0' ],
498 silly audit   'mime-types': [ '3.0.1' ],
498 silly audit   'on-finished': [ '2.4.1' ],
498 silly audit   once: [ '1.4.0' ],
498 silly audit   parseurl: [ '1.3.3' ],
498 silly audit   'proxy-addr': [ '2.0.7' ],
498 silly audit   qs: [ '6.14.0' ],
498 silly audit   'range-parser': [ '1.2.1' ],
498 silly audit   router: [ '2.2.0' ],
498 silly audit   send: [ '1.2.0' ],
498 silly audit   'serve-static': [ '2.2.0' ],
498 silly audit   statuses: [ '2.0.2', '2.0.1' ],
498 silly audit   'type-is': [ '2.0.1' ],
498 silly audit   vary: [ '1.1.2' ],
498 silly audit   negotiator: [ '1.0.0' ],
498 silly audit   bytes: [ '3.1.2' ],
498 silly audit   'iconv-lite': [ '0.6.3', '0.7.0' ],
498 silly audit   'raw-body': [ '3.0.1' ],
498 silly audit   'safe-buffer': [ '5.2.1' ],
498 silly audit   ms: [ '2.1.3', '2.0.0' ],
498 silly audit   depd: [ '2.0.0' ],
498 silly audit   'on-headers': [ '1.1.0' ],
498 silly audit   'uid-safe': [ '2.1.5' ],
498 silly audit   inherits: [ '2.0.4' ],
498 silly audit   setprototypeof: [ '1.2.0' ],
498 silly audit   toidentifier: [ '1.0.1' ],
498 silly audit   'safer-buffer': [ '2.1.2' ],
498 silly audit   'mime-db': [ '1.54.0' ],
498 silly audit   'aws-ssl-profiles': [ '1.1.2' ],
498 silly audit   denque: [ '2.1.0' ],
498 silly audit   'generate-function': [ '2.3.1' ],
498 silly audit   long: [ '5.3.2' ],
498 silly audit   'lru.min': [ '1.1.2' ],
498 silly audit   'named-placeholders': [ '1.1.3' ],
498 silly audit   'seq-queue': [ '0.0.5' ],
498 silly audit   sqlstring: [ '2.3.3' ],
498 silly audit   'is-property': [ '1.0.2' ],
498 silly audit   'lru-cache': [ '7.18.3' ],
498 silly audit   'ee-first': [ '1.1.1' ],
498 silly audit   wrappy: [ '1.0.2' ],
498 silly audit   forwarded: [ '0.2.0' ],
498 silly audit   'ipaddr.js': [ '1.9.1' ],
498 silly audit   'side-channel': [ '1.1.0' ],
498 silly audit   unpipe: [ '1.0.0' ],
498 silly audit   'is-promise': [ '4.0.0' ],
498 silly audit   'path-to-regexp': [ '8.3.0' ],
498 silly audit   'es-errors': [ '1.3.0' ],
498 silly audit   'object-inspect': [ '1.13.4' ],
498 silly audit   'side-channel-list': [ '1.0.0' ],
498 silly audit   'side-channel-map': [ '1.0.1' ],
498 silly audit   'side-channel-weakmap': [ '1.0.2' ],
498 silly audit   'call-bound': [ '1.0.4' ],
498 silly audit   'get-intrinsic': [ '1.3.0' ],
498 silly audit   'call-bind-apply-helpers': [ '1.0.2' ],
498 silly audit   'function-bind': [ '1.1.2' ],
498 silly audit   'es-define-property': [ '1.0.1' ],
498 silly audit   'es-object-atoms': [ '1.1.1' ],
498 silly audit   'get-proto': [ '1.0.1' ],
498 silly audit   gopd: [ '1.2.0' ],
498 silly audit   'has-symbols': [ '1.1.0' ],
498 silly audit   hasown: [ '2.0.2' ],
498 silly audit   'math-intrinsics': [ '1.1.0' ],
498 silly audit   'dunder-proto': [ '1.0.1' ],
498 silly audit   'media-typer': [ '1.1.0' ],
498 silly audit   'random-bytes': [ '1.0.0' ]
498 silly audit }
499 http cache random-bytes@https://registry.npmjs.org/random-bytes/-/random-bytes-1.0.0.tgz 0ms (cache hit)
500 http cache has-symbols@https://registry.npmjs.org/has-symbols/-/has-symbols-1.1.0.tgz 0ms (cache hit)
501 http cache math-intrinsics@https://registry.npmjs.org/math-intrinsics/-/math-intrinsics-1.1.0.tgz 0ms (cache hit)
502 http cache hasown@https://registry.npmjs.org/hasown/-/hasown-2.0.2.tgz 0ms (cache hit)
503 http cache media-typer@https://registry.npmjs.org/media-typer/-/media-typer-1.1.0.tgz 0ms (cache hit)
504 http cache dunder-proto@https://registry.npmjs.org/dunder-proto/-/dunder-proto-1.0.1.tgz 0ms (cache hit)
505 http cache get-proto@https://registry.npmjs.org/get-proto/-/get-proto-1.0.1.tgz 0ms (cache hit)
506 http cache gopd@https://registry.npmjs.org/gopd/-/gopd-1.2.0.tgz 0ms (cache hit)
507 http cache es-define-property@https://registry.npmjs.org/es-define-property/-/es-define-property-1.0.1.tgz 0ms (cache hit)
508 http cache es-object-atoms@https://registry.npmjs.org/es-object-atoms/-/es-object-atoms-1.1.1.tgz 0ms (cache hit)
509 http cache call-bound@https://registry.npmjs.org/call-bound/-/call-bound-1.0.4.tgz 0ms (cache hit)
510 http cache get-intrinsic@https://registry.npmjs.org/get-intrinsic/-/get-intrinsic-1.3.0.tgz 0ms (cache hit)
511 http cache function-bind@https://registry.npmjs.org/function-bind/-/function-bind-1.1.2.tgz 1ms (cache hit)
512 http cache side-channel-list@https://registry.npmjs.org/side-channel-list/-/side-channel-list-1.0.0.tgz 0ms (cache hit)
513 http cache call-bind-apply-helpers@https://registry.npmjs.org/call-bind-apply-helpers/-/call-bind-apply-helpers-1.0.2.tgz 0ms (cache hit)
514 http cache object-inspect@https://registry.npmjs.org/object-inspect/-/object-inspect-1.13.4.tgz 0ms (cache hit)
515 http cache is-promise@https://registry.npmjs.org/is-promise/-/is-promise-4.0.0.tgz 0ms (cache hit)
516 http cache es-errors@https://registry.npmjs.org/es-errors/-/es-errors-1.3.0.tgz 0ms (cache hit)
517 http cache side-channel-map@https://registry.npmjs.org/side-channel-map/-/side-channel-map-1.0.1.tgz 0ms (cache hit)
518 http cache forwarded@https://registry.npmjs.org/forwarded/-/forwarded-0.2.0.tgz 0ms (cache hit)
519 http cache unpipe@https://registry.npmjs.org/unpipe/-/unpipe-1.0.0.tgz 0ms (cache hit)
520 http cache side-channel@https://registry.npmjs.org/side-channel/-/side-channel-1.1.0.tgz 0ms (cache hit)
521 http cache ipaddr.js@https://registry.npmjs.org/ipaddr.js/-/ipaddr.js-1.9.1.tgz 0ms (cache hit)
522 http cache wrappy@https://registry.npmjs.org/wrappy/-/wrappy-1.0.2.tgz 0ms (cache hit)
523 http cache lru-cache@https://registry.npmjs.org/lru-cache/-/lru-cache-7.18.3.tgz 0ms (cache hit)
524 http cache path-to-regexp@https://registry.npmjs.org/path-to-regexp/-/path-to-regexp-8.3.0.tgz 0ms (cache hit)
525 http cache named-placeholders@https://registry.npmjs.org/named-placeholders/-/named-placeholders-1.1.3.tgz 0ms (cache hit)
526 http cache ee-first@https://registry.npmjs.org/ee-first/-/ee-first-1.1.1.tgz 0ms (cache hit)
527 http cache sqlstring@https://registry.npmjs.org/sqlstring/-/sqlstring-2.3.3.tgz 0ms (cache hit)
528 http cache is-property@https://registry.npmjs.org/is-property/-/is-property-1.0.2.tgz 0ms (cache hit)
529 http cache generate-function@https://registry.npmjs.org/generate-function/-/generate-function-2.3.1.tgz 0ms (cache hit)
530 http cache long@https://registry.npmjs.org/long/-/long-5.3.2.tgz 0ms (cache hit)
531 http cache aws-ssl-profiles@https://registry.npmjs.org/aws-ssl-profiles/-/aws-ssl-profiles-1.1.2.tgz 0ms (cache hit)
532 http cache lru.min@https://registry.npmjs.org/lru.min/-/lru.min-1.1.2.tgz 0ms (cache hit)
533 http cache denque@https://registry.npmjs.org/denque/-/denque-2.1.0.tgz 0ms (cache hit)
534 http cache safer-buffer@https://registry.npmjs.org/safer-buffer/-/safer-buffer-2.1.2.tgz 0ms (cache hit)
535 http cache setprototypeof@https://registry.npmjs.org/setprototypeof/-/setprototypeof-1.2.0.tgz 0ms (cache hit)
536 http cache toidentifier@https://registry.npmjs.org/toidentifier/-/toidentifier-1.0.1.tgz 0ms (cache hit)
537 http cache inherits@https://registry.npmjs.org/inherits/-/inherits-2.0.4.tgz 0ms (cache hit)
538 http cache on-headers@https://registry.npmjs.org/on-headers/-/on-headers-1.1.0.tgz 0ms (cache hit)
539 http cache ms@https://registry.npmjs.org/ms/-/ms-2.1.3.tgz 0ms (cache hit)
540 http cache uid-safe@https://registry.npmjs.org/uid-safe/-/uid-safe-2.1.5.tgz 0ms (cache hit)
541 http cache side-channel-weakmap@https://registry.npmjs.org/side-channel-weakmap/-/side-channel-weakmap-1.0.2.tgz 0ms (cache hit)
542 http cache seq-queue@https://registry.npmjs.org/seq-queue/-/seq-queue-0.0.5.tgz 0ms (cache hit)
543 http cache depd@https://registry.npmjs.org/depd/-/depd-2.0.0.tgz 0ms (cache hit)
544 http cache negotiator@https://registry.npmjs.org/negotiator/-/negotiator-1.0.0.tgz 0ms (cache hit)
545 http cache safe-buffer@https://registry.npmjs.org/safe-buffer/-/safe-buffer-5.2.1.tgz 0ms (cache hit)
546 http cache type-is@https://registry.npmjs.org/type-is/-/type-is-2.0.1.tgz 0ms (cache hit)
547 http cache iconv-lite@https://registry.npmjs.org/iconv-lite/-/iconv-lite-0.6.3.tgz 0ms (cache hit)
548 http cache vary@https://registry.npmjs.org/vary/-/vary-1.1.2.tgz 0ms (cache hit)
549 http cache raw-body@https://registry.npmjs.org/raw-body/-/raw-body-3.0.1.tgz 0ms (cache hit)
550 http cache mime-db@https://registry.npmjs.org/mime-db/-/mime-db-1.54.0.tgz 0ms (cache hit)
551 http cache statuses@https://registry.npmjs.org/statuses/-/statuses-2.0.2.tgz 0ms (cache hit)
552 http cache serve-static@https://registry.npmjs.org/serve-static/-/serve-static-2.2.0.tgz 0ms (cache hit)
553 http cache range-parser@https://registry.npmjs.org/range-parser/-/range-parser-1.2.1.tgz 0ms (cache hit)
554 http cache once@https://registry.npmjs.org/once/-/once-1.4.0.tgz 0ms (cache hit)
555 http cache send@https://registry.npmjs.org/send/-/send-1.2.0.tgz 0ms (cache hit)
556 http cache qs@https://registry.npmjs.org/qs/-/qs-6.14.0.tgz 0ms (cache hit)
557 http cache bytes@https://registry.npmjs.org/bytes/-/bytes-3.1.2.tgz 0ms (cache hit)
558 http cache proxy-addr@https://registry.npmjs.org/proxy-addr/-/proxy-addr-2.0.7.tgz 0ms (cache hit)
559 http cache parseurl@https://registry.npmjs.org/parseurl/-/parseurl-1.3.3.tgz 0ms (cache hit)
560 http cache on-finished@https://registry.npmjs.org/on-finished/-/on-finished-2.4.1.tgz 0ms (cache hit)
561 http cache mime-types@https://registry.npmjs.org/mime-types/-/mime-types-3.0.1.tgz 0ms (cache hit)
562 http cache merge-descriptors@https://registry.npmjs.org/merge-descriptors/-/merge-descriptors-2.0.0.tgz 0ms (cache hit)
563 http cache escape-html@https://registry.npmjs.org/escape-html/-/escape-html-1.0.3.tgz 0ms (cache hit)
564 http cache http-errors@https://registry.npmjs.org/http-errors/-/http-errors-2.0.0.tgz 0ms (cache hit)
565 http cache etag@https://registry.npmjs.org/etag/-/etag-1.8.1.tgz 0ms (cache hit)
566 http cache router@https://registry.npmjs.org/router/-/router-2.2.0.tgz 0ms (cache hit)
567 http cache finalhandler@https://registry.npmjs.org/finalhandler/-/finalhandler-2.1.0.tgz 0ms (cache hit)
568 http cache encodeurl@https://registry.npmjs.org/encodeurl/-/encodeurl-2.0.0.tgz 0ms (cache hit)
569 http cache debug@https://registry.npmjs.org/debug/-/debug-4.4.3.tgz 0ms (cache hit)
570 http cache cookie@https://registry.npmjs.org/cookie/-/cookie-0.7.2.tgz 0ms (cache hit)
571 http cache fresh@https://registry.npmjs.org/fresh/-/fresh-2.0.0.tgz 0ms (cache hit)
572 http cache content-type@https://registry.npmjs.org/content-type/-/content-type-1.0.5.tgz 0ms (cache hit)
573 http cache cookie-signature@https://registry.npmjs.org/cookie-signature/-/cookie-signature-1.2.2.tgz 0ms (cache hit)
574 http cache body-parser@https://registry.npmjs.org/body-parser/-/body-parser-2.2.0.tgz 0ms (cache hit)
575 http cache content-disposition@https://registry.npmjs.org/content-disposition/-/content-disposition-1.0.0.tgz 0ms (cache hit)
576 http cache mysql2@https://registry.npmjs.org/mysql2/-/mysql2-3.15.0.tgz 0ms (cache hit)
577 http cache dotenv@https://registry.npmjs.org/dotenv/-/dotenv-17.2.2.tgz 0ms (cache hit)
578 http cache accepts@https://registry.npmjs.org/accepts/-/accepts-2.0.0.tgz 0ms (cache hit)
579 http cache express@https://registry.npmjs.org/express/-/express-5.1.0.tgz 0ms (cache hit)
580 http cache iconv-lite@https://registry.npmjs.org/iconv-lite/-/iconv-lite-0.7.0.tgz 0ms (cache hit)
581 http cache express-session@https://registry.npmjs.org/express-session/-/express-session-1.18.2.tgz 0ms (cache hit)
582 http cache debug@https://registry.npmjs.org/debug/-/debug-2.6.9.tgz 0ms (cache hit)
583 http cache bcryptjs@https://registry.npmjs.org/bcryptjs/-/bcryptjs-3.0.2.tgz 0ms (cache hit)
584 http cache ms@https://registry.npmjs.org/ms/-/ms-2.0.0.tgz 0ms (cache hit)
585 http cache statuses@https://registry.npmjs.org/statuses/-/statuses-2.0.1.tgz 0ms (cache hit)
586 silly tarball no local data for random-bytes@https://registry.npmjs.org/random-bytes/-/random-bytes-1.0.0.tgz. Extracting by manifest.
587 silly tarball no local data for has-symbols@https://registry.npmjs.org/has-symbols/-/has-symbols-1.1.0.tgz. Extracting by manifest.
588 silly tarball no local data for math-intrinsics@https://registry.npmjs.org/math-intrinsics/-/math-intrinsics-1.1.0.tgz. Extracting by manifest.
589 silly tarball no local data for hasown@https://registry.npmjs.org/hasown/-/hasown-2.0.2.tgz. Extracting by manifest.
590 silly tarball no local data for media-typer@https://registry.npmjs.org/media-typer/-/media-typer-1.1.0.tgz. Extracting by manifest.
591 silly tarball no local data for dunder-proto@https://registry.npmjs.org/dunder-proto/-/dunder-proto-1.0.1.tgz. Extracting by manifest.
592 http cache cookie-signature@https://registry.npmjs.org/cookie-signature/-/cookie-signature-1.0.7.tgz 0ms (cache hit)
593 silly tarball no local data for get-proto@https://registry.npmjs.org/get-proto/-/get-proto-1.0.1.tgz. Extracting by manifest.
594 silly tarball no local data for gopd@https://registry.npmjs.org/gopd/-/gopd-1.2.0.tgz. Extracting by manifest.
595 silly tarball no local data for es-define-property@https://registry.npmjs.org/es-define-property/-/es-define-property-1.0.1.tgz. Extracting by manifest.
596 silly tarball no local data for es-object-atoms@https://registry.npmjs.org/es-object-atoms/-/es-object-atoms-1.1.1.tgz. Extracting by manifest.
597 silly tarball no local data for call-bound@https://registry.npmjs.org/call-bound/-/call-bound-1.0.4.tgz. Extracting by manifest.
598 silly tarball no local data for get-intrinsic@https://registry.npmjs.org/get-intrinsic/-/get-intrinsic-1.3.0.tgz. Extracting by manifest.
599 silly tarball no local data for function-bind@https://registry.npmjs.org/function-bind/-/function-bind-1.1.2.tgz. Extracting by manifest.
600 silly tarball no local data for side-channel-list@https://registry.npmjs.org/side-channel-list/-/side-channel-list-1.0.0.tgz. Extracting by manifest.
601 silly tarball no local data for call-bind-apply-helpers@https://registry.npmjs.org/call-bind-apply-helpers/-/call-bind-apply-helpers-1.0.2.tgz. Extracting by manifest.
602 silly tarball no local data for object-inspect@https://registry.npmjs.org/object-inspect/-/object-inspect-1.13.4.tgz. Extracting by manifest.
603 silly tarball no local data for is-promise@https://registry.npmjs.org/is-promise/-/is-promise-4.0.0.tgz. Extracting by manifest.
604 http cache iconv-lite@https://registry.npmjs.org/iconv-lite/-/iconv-lite-0.7.0.tgz 0ms (cache hit)
605 silly tarball no local data for es-errors@https://registry.npmjs.org/es-errors/-/es-errors-1.3.0.tgz. Extracting by manifest.
606 silly tarball no local data for side-channel-map@https://registry.npmjs.org/side-channel-map/-/side-channel-map-1.0.1.tgz. Extracting by manifest.
607 silly tarball no local data for forwarded@https://registry.npmjs.org/forwarded/-/forwarded-0.2.0.tgz. Extracting by manifest.
608 silly tarball no local data for unpipe@https://registry.npmjs.org/unpipe/-/unpipe-1.0.0.tgz. Extracting by manifest.
609 silly tarball no local data for side-channel@https://registry.npmjs.org/side-channel/-/side-channel-1.1.0.tgz. Extracting by manifest.
610 silly tarball no local data for ipaddr.js@https://registry.npmjs.org/ipaddr.js/-/ipaddr.js-1.9.1.tgz. Extracting by manifest.
611 silly tarball no local data for wrappy@https://registry.npmjs.org/wrappy/-/wrappy-1.0.2.tgz. Extracting by manifest.
612 silly tarball no local data for lru-cache@https://registry.npmjs.org/lru-cache/-/lru-cache-7.18.3.tgz. Extracting by manifest.
613 silly tarball no local data for path-to-regexp@https://registry.npmjs.org/path-to-regexp/-/path-to-regexp-8.3.0.tgz. Extracting by manifest.
614 silly tarball no local data for named-placeholders@https://registry.npmjs.org/named-placeholders/-/named-placeholders-1.1.3.tgz. Extracting by manifest.
615 silly tarball no local data for ee-first@https://registry.npmjs.org/ee-first/-/ee-first-1.1.1.tgz. Extracting by manifest.
616 silly tarball no local data for sqlstring@https://registry.npmjs.org/sqlstring/-/sqlstring-2.3.3.tgz. Extracting by manifest.
617 silly tarball no local data for is-property@https://registry.npmjs.org/is-property/-/is-property-1.0.2.tgz. Extracting by manifest.
618 silly tarball no local data for generate-function@https://registry.npmjs.org/generate-function/-/generate-function-2.3.1.tgz. Extracting by manifest.
619 silly tarball no local data for long@https://registry.npmjs.org/long/-/long-5.3.2.tgz. Extracting by manifest.
620 silly tarball no local data for aws-ssl-profiles@https://registry.npmjs.org/aws-ssl-profiles/-/aws-ssl-profiles-1.1.2.tgz. Extracting by manifest.
621 silly tarball no local data for lru.min@https://registry.npmjs.org/lru.min/-/lru.min-1.1.2.tgz. Extracting by manifest.
622 silly tarball no local data for denque@https://registry.npmjs.org/denque/-/denque-2.1.0.tgz. Extracting by manifest.
623 silly tarball no local data for safer-buffer@https://registry.npmjs.org/safer-buffer/-/safer-buffer-2.1.2.tgz. Extracting by manifest.
624 silly tarball no local data for setprototypeof@https://registry.npmjs.org/setprototypeof/-/setprototypeof-1.2.0.tgz. Extracting by manifest.
625 silly tarball no local data for toidentifier@https://registry.npmjs.org/toidentifier/-/toidentifier-1.0.1.tgz. Extracting by manifest.
626 silly tarball no local data for inherits@https://registry.npmjs.org/inherits/-/inherits-2.0.4.tgz. Extracting by manifest.
627 silly tarball no local data for on-headers@https://registry.npmjs.org/on-headers/-/on-headers-1.1.0.tgz. Extracting by manifest.
628 silly tarball no local data for ms@https://registry.npmjs.org/ms/-/ms-2.1.3.tgz. Extracting by manifest.
629 silly tarball no local data for uid-safe@https://registry.npmjs.org/uid-safe/-/uid-safe-2.1.5.tgz. Extracting by manifest.
630 silly tarball no local data for side-channel-weakmap@https://registry.npmjs.org/side-channel-weakmap/-/side-channel-weakmap-1.0.2.tgz. Extracting by manifest.
631 silly tarball no local data for seq-queue@https://registry.npmjs.org/seq-queue/-/seq-queue-0.0.5.tgz. Extracting by manifest.
632 silly tarball no local data for depd@https://registry.npmjs.org/depd/-/depd-2.0.0.tgz. Extracting by manifest.
633 silly tarball no local data for negotiator@https://registry.npmjs.org/negotiator/-/negotiator-1.0.0.tgz. Extracting by manifest.
634 silly tarball no local data for safe-buffer@https://registry.npmjs.org/safe-buffer/-/safe-buffer-5.2.1.tgz. Extracting by manifest.
635 silly tarball no local data for type-is@https://registry.npmjs.org/type-is/-/type-is-2.0.1.tgz. Extracting by manifest.
636 silly tarball no local data for iconv-lite@https://registry.npmjs.org/iconv-lite/-/iconv-lite-0.6.3.tgz. Extracting by manifest.
637 silly tarball no local data for vary@https://registry.npmjs.org/vary/-/vary-1.1.2.tgz. Extracting by manifest.
638 silly tarball no local data for raw-body@https://registry.npmjs.org/raw-body/-/raw-body-3.0.1.tgz. Extracting by manifest.
639 silly tarball no local data for mime-db@https://registry.npmjs.org/mime-db/-/mime-db-1.54.0.tgz. Extracting by manifest.
640 silly tarball no local data for statuses@https://registry.npmjs.org/statuses/-/statuses-2.0.2.tgz. Extracting by manifest.
641 silly tarball no local data for serve-static@https://registry.npmjs.org/serve-static/-/serve-static-2.2.0.tgz. Extracting by manifest.
642 silly tarball no local data for range-parser@https://registry.npmjs.org/range-parser/-/range-parser-1.2.1.tgz. Extracting by manifest.
643 silly tarball no local data for once@https://registry.npmjs.org/once/-/once-1.4.0.tgz. Extracting by manifest.
644 silly tarball no local data for send@https://registry.npmjs.org/send/-/send-1.2.0.tgz. Extracting by manifest.
645 silly tarball no local data for qs@https://registry.npmjs.org/qs/-/qs-6.14.0.tgz. Extracting by manifest.
646 silly tarball no local data for bytes@https://registry.npmjs.org/bytes/-/bytes-3.1.2.tgz. Extracting by manifest.
647 silly tarball no local data for proxy-addr@https://registry.npmjs.org/proxy-addr/-/proxy-addr-2.0.7.tgz. Extracting by manifest.
648 silly tarball no local data for parseurl@https://registry.npmjs.org/parseurl/-/parseurl-1.3.3.tgz. Extracting by manifest.
649 silly tarball no local data for on-finished@https://registry.npmjs.org/on-finished/-/on-finished-2.4.1.tgz. Extracting by manifest.
650 silly tarball no local data for mime-types@https://registry.npmjs.org/mime-types/-/mime-types-3.0.1.tgz. Extracting by manifest.
651 silly tarball no local data for merge-descriptors@https://registry.npmjs.org/merge-descriptors/-/merge-descriptors-2.0.0.tgz. Extracting by manifest.
652 silly tarball no local data for escape-html@https://registry.npmjs.org/escape-html/-/escape-html-1.0.3.tgz. Extracting by manifest.
653 silly tarball no local data for http-errors@https://registry.npmjs.org/http-errors/-/http-errors-2.0.0.tgz. Extracting by manifest.
654 silly tarball no local data for etag@https://registry.npmjs.org/etag/-/etag-1.8.1.tgz. Extracting by manifest.
655 silly tarball no local data for router@https://registry.npmjs.org/router/-/router-2.2.0.tgz. Extracting by manifest.
656 silly tarball no local data for finalhandler@https://registry.npmjs.org/finalhandler/-/finalhandler-2.1.0.tgz. Extracting by manifest.
657 silly tarball no local data for encodeurl@https://registry.npmjs.org/encodeurl/-/encodeurl-2.0.0.tgz. Extracting by manifest.
658 silly tarball no local data for debug@https://registry.npmjs.org/debug/-/debug-4.4.3.tgz. Extracting by manifest.
659 silly tarball no local data for cookie@https://registry.npmjs.org/cookie/-/cookie-0.7.2.tgz. Extracting by manifest.
660 silly tarball no local data for fresh@https://registry.npmjs.org/fresh/-/fresh-2.0.0.tgz. Extracting by manifest.
661 silly tarball no local data for content-type@https://registry.npmjs.org/content-type/-/content-type-1.0.5.tgz. Extracting by manifest.
662 silly tarball no local data for cookie-signature@https://registry.npmjs.org/cookie-signature/-/cookie-signature-1.2.2.tgz. Extracting by manifest.
663 silly tarball no local data for body-parser@https://registry.npmjs.org/body-parser/-/body-parser-2.2.0.tgz. Extracting by manifest.
664 silly tarball no local data for content-disposition@https://registry.npmjs.org/content-disposition/-/content-disposition-1.0.0.tgz. Extracting by manifest.
665 silly tarball no local data for mysql2@https://registry.npmjs.org/mysql2/-/mysql2-3.15.0.tgz. Extracting by manifest.
666 silly tarball no local data for dotenv@https://registry.npmjs.org/dotenv/-/dotenv-17.2.2.tgz. Extracting by manifest.
667 silly tarball no local data for accepts@https://registry.npmjs.org/accepts/-/accepts-2.0.0.tgz. Extracting by manifest.
668 silly tarball no local data for express@https://registry.npmjs.org/express/-/express-5.1.0.tgz. Extracting by manifest.
669 silly tarball no local data for iconv-lite@https://registry.npmjs.org/iconv-lite/-/iconv-lite-0.7.0.tgz. Extracting by manifest.
670 silly tarball no local data for express-session@https://registry.npmjs.org/express-session/-/express-session-1.18.2.tgz. Extracting by manifest.
671 silly tarball no local data for debug@https://registry.npmjs.org/debug/-/debug-2.6.9.tgz. Extracting by manifest.
672 silly tarball no local data for bcryptjs@https://registry.npmjs.org/bcryptjs/-/bcryptjs-3.0.2.tgz. Extracting by manifest.
673 silly tarball no local data for ms@https://registry.npmjs.org/ms/-/ms-2.0.0.tgz. Extracting by manifest.
674 silly tarball no local data for statuses@https://registry.npmjs.org/statuses/-/statuses-2.0.1.tgz. Extracting by manifest.
675 silly tarball no local data for cookie-signature@https://registry.npmjs.org/cookie-signature/-/cookie-signature-1.0.7.tgz. Extracting by manifest.
676 silly tarball no local data for iconv-lite@https://registry.npmjs.org/iconv-lite/-/iconv-lite-0.7.0.tgz. Extracting by manifest.
677 http fetch GET 200 https://registry.npmjs.org/es-object-atoms/-/es-object-atoms-1.1.1.tgz 340ms (cache miss)
678 http fetch GET 200 https://registry.npmjs.org/random-bytes/-/random-bytes-1.0.0.tgz 344ms (cache miss)
679 http fetch POST 200 https://registry.npmjs.org/-/npm/v1/security/advisories/bulk 378ms
680 silly audit report {}
681 http fetch GET 200 https://registry.npmjs.org/math-intrinsics/-/math-intrinsics-1.1.0.tgz 351ms (cache miss)
682 http fetch GET 200 https://registry.npmjs.org/media-typer/-/media-typer-1.1.0.tgz 351ms (cache miss)
683 http fetch GET 200 https://registry.npmjs.org/is-promise/-/is-promise-4.0.0.tgz 365ms (cache miss)
684 http fetch GET 200 https://registry.npmjs.org/es-errors/-/es-errors-1.3.0.tgz 376ms (cache miss)
685 http fetch GET 200 https://registry.npmjs.org/forwarded/-/forwarded-0.2.0.tgz 386ms (cache miss)
686 http fetch GET 200 https://registry.npmjs.org/side-channel-map/-/side-channel-map-1.0.1.tgz 399ms (cache miss)
687 http fetch GET 200 https://registry.npmjs.org/side-channel/-/side-channel-1.1.0.tgz 408ms (cache miss)
688 http fetch GET 200 https://registry.npmjs.org/wrappy/-/wrappy-1.0.2.tgz 426ms (cache miss)
689 http fetch GET 200 https://registry.npmjs.org/unpipe/-/unpipe-1.0.0.tgz 427ms (cache miss)
690 http fetch GET 200 https://registry.npmjs.org/ee-first/-/ee-first-1.1.1.tgz 453ms (cache miss)
691 http fetch GET 200 https://registry.npmjs.org/named-placeholders/-/named-placeholders-1.1.3.tgz 460ms (cache miss)
692 http fetch GET 200 https://registry.npmjs.org/sqlstring/-/sqlstring-2.3.3.tgz 481ms (cache miss)
693 http fetch GET 200 https://registry.npmjs.org/hasown/-/hasown-2.0.2.tgz 488ms (cache miss)
694 http fetch GET 200 https://registry.npmjs.org/is-property/-/is-property-1.0.2.tgz 504ms (cache miss)
695 http fetch GET 200 https://registry.npmjs.org/ipaddr.js/-/ipaddr.js-1.9.1.tgz 511ms (cache miss)
696 http fetch GET 200 https://registry.npmjs.org/path-to-regexp/-/path-to-regexp-8.3.0.tgz 527ms (cache miss)
697 http fetch GET 200 https://registry.npmjs.org/setprototypeof/-/setprototypeof-1.2.0.tgz 526ms (cache miss)
698 http fetch GET 200 https://registry.npmjs.org/es-define-property/-/es-define-property-1.0.1.tgz 535ms (cache miss)
699 http fetch GET 200 https://registry.npmjs.org/generate-function/-/generate-function-2.3.1.tgz 540ms (cache miss)
700 http fetch GET 200 https://registry.npmjs.org/inherits/-/inherits-2.0.4.tgz 558ms (cache miss)
701 http fetch GET 200 https://registry.npmjs.org/gopd/-/gopd-1.2.0.tgz 572ms (cache miss)
702 http fetch GET 200 https://registry.npmjs.org/toidentifier/-/toidentifier-1.0.1.tgz 565ms (cache miss)
703 http fetch GET 200 https://registry.npmjs.org/ms/-/ms-2.1.3.tgz 589ms (cache miss)
704 http fetch GET 200 https://registry.npmjs.org/on-headers/-/on-headers-1.1.0.tgz 592ms (cache miss)
705 http fetch GET 200 https://registry.npmjs.org/denque/-/denque-2.1.0.tgz 608ms (cache miss)
706 http fetch GET 200 https://registry.npmjs.org/lru.min/-/lru.min-1.1.2.tgz 609ms (cache miss)
707 http fetch GET 200 https://registry.npmjs.org/safer-buffer/-/safer-buffer-2.1.2.tgz 632ms (cache miss)
708 http fetch GET 200 https://registry.npmjs.org/uid-safe/-/uid-safe-2.1.5.tgz 644ms (cache miss)
709 http fetch GET 200 https://registry.npmjs.org/seq-queue/-/seq-queue-0.0.5.tgz 643ms (cache miss)
710 http fetch GET 200 https://registry.npmjs.org/safe-buffer/-/safe-buffer-5.2.1.tgz 654ms (cache miss)
711 http fetch GET 200 https://registry.npmjs.org/dunder-proto/-/dunder-proto-1.0.1.tgz 670ms (cache miss)
712 http fetch GET 200 https://registry.npmjs.org/lru-cache/-/lru-cache-7.18.3.tgz 678ms (cache miss)
713 http fetch GET 200 https://registry.npmjs.org/get-proto/-/get-proto-1.0.1.tgz 684ms (cache miss)
714 http fetch GET 200 https://registry.npmjs.org/type-is/-/type-is-2.0.1.tgz 681ms (cache miss)
715 http fetch GET 200 https://registry.npmjs.org/vary/-/vary-1.1.2.tgz 702ms (cache miss)
716 http fetch GET 200 https://registry.npmjs.org/has-symbols/-/has-symbols-1.1.0.tgz 730ms (cache miss)
717 http fetch GET 200 https://registry.npmjs.org/range-parser/-/range-parser-1.2.1.tgz 751ms (cache miss)
718 http fetch GET 200 https://registry.npmjs.org/serve-static/-/serve-static-2.2.0.tgz 753ms (cache miss)
719 http fetch GET 200 https://registry.npmjs.org/function-bind/-/function-bind-1.1.2.tgz 802ms (cache miss)
720 http fetch GET 200 https://registry.npmjs.org/statuses/-/statuses-2.0.2.tgz 793ms (cache miss)
721 http fetch GET 200 https://registry.npmjs.org/call-bound/-/call-bound-1.0.4.tgz 812ms (cache miss)
722 http fetch GET 200 https://registry.npmjs.org/long/-/long-5.3.2.tgz 807ms (cache miss)
723 http fetch GET 200 https://registry.npmjs.org/raw-body/-/raw-body-3.0.1.tgz 802ms (cache miss)
724 http fetch GET 200 https://registry.npmjs.org/parseurl/-/parseurl-1.3.3.tgz 801ms (cache miss)
725 http fetch GET 200 https://registry.npmjs.org/once/-/once-1.4.0.tgz 819ms (cache miss)
726 http fetch GET 200 https://registry.npmjs.org/merge-descriptors/-/merge-descriptors-2.0.0.tgz 818ms (cache miss)
727 http fetch GET 200 https://registry.npmjs.org/get-intrinsic/-/get-intrinsic-1.3.0.tgz 841ms (cache miss)
728 http fetch GET 200 https://registry.npmjs.org/bytes/-/bytes-3.1.2.tgz 833ms (cache miss)
729 http fetch GET 200 https://registry.npmjs.org/proxy-addr/-/proxy-addr-2.0.7.tgz 842ms (cache miss)
730 http fetch GET 200 https://registry.npmjs.org/send/-/send-1.2.0.tgz 854ms (cache miss)
731 http fetch GET 200 https://registry.npmjs.org/side-channel-list/-/side-channel-list-1.0.0.tgz 872ms (cache miss)
732 http fetch GET 200 https://registry.npmjs.org/escape-html/-/escape-html-1.0.3.tgz 861ms (cache miss)
733 http fetch GET 200 https://registry.npmjs.org/etag/-/etag-1.8.1.tgz 869ms (cache miss)
734 http fetch GET 200 https://registry.npmjs.org/on-finished/-/on-finished-2.4.1.tgz 879ms (cache miss)
735 http fetch GET 200 https://registry.npmjs.org/finalhandler/-/finalhandler-2.1.0.tgz 882ms (cache miss)
736 http fetch GET 200 https://registry.npmjs.org/cookie/-/cookie-0.7.2.tgz 890ms (cache miss)
737 http fetch GET 200 https://registry.npmjs.org/depd/-/depd-2.0.0.tgz 897ms (cache miss)
738 http fetch GET 200 https://registry.npmjs.org/mime-types/-/mime-types-3.0.1.tgz 906ms (cache miss)
739 http fetch GET 200 https://registry.npmjs.org/content-type/-/content-type-1.0.5.tgz 907ms (cache miss)
740 http fetch GET 200 https://registry.npmjs.org/encodeurl/-/encodeurl-2.0.0.tgz 912ms (cache miss)
741 http fetch GET 200 https://registry.npmjs.org/cookie-signature/-/cookie-signature-1.2.2.tgz 913ms (cache miss)
742 http fetch GET 200 https://registry.npmjs.org/negotiator/-/negotiator-1.0.0.tgz 926ms (cache miss)
743 http fetch GET 200 https://registry.npmjs.org/call-bind-apply-helpers/-/call-bind-apply-helpers-1.0.2.tgz 936ms (cache miss)
744 http fetch GET 200 https://registry.npmjs.org/fresh/-/fresh-2.0.0.tgz 929ms (cache miss)
745 http fetch GET 200 https://registry.npmjs.org/statuses/-/statuses-2.0.1.tgz 935ms (cache miss)
746 http fetch GET 200 https://registry.npmjs.org/ms/-/ms-2.0.0.tgz 938ms (cache miss)
747 http fetch GET 200 https://registry.npmjs.org/mime-db/-/mime-db-1.54.0.tgz 950ms (cache miss)
748 http fetch GET 200 https://registry.npmjs.org/cookie-signature/-/cookie-signature-1.0.7.tgz 943ms (cache miss)
749 http fetch GET 200 https://registry.npmjs.org/router/-/router-2.2.0.tgz 954ms (cache miss)
750 http fetch GET 200 https://registry.npmjs.org/side-channel-weakmap/-/side-channel-weakmap-1.0.2.tgz 962ms (cache miss)
751 http fetch GET 200 https://registry.npmjs.org/http-errors/-/http-errors-2.0.0.tgz 964ms (cache miss)
752 http fetch GET 200 https://registry.npmjs.org/aws-ssl-profiles/-/aws-ssl-profiles-1.1.2.tgz 974ms (cache miss)
753 http fetch GET 200 https://registry.npmjs.org/debug/-/debug-4.4.3.tgz 967ms (cache miss)
754 http fetch GET 200 https://registry.npmjs.org/content-disposition/-/content-disposition-1.0.0.tgz 969ms (cache miss)
755 http fetch GET 200 https://registry.npmjs.org/accepts/-/accepts-2.0.0.tgz 970ms (cache miss)
756 http fetch GET 200 https://registry.npmjs.org/dotenv/-/dotenv-17.2.2.tgz 998ms (cache miss)
757 http fetch GET 200 https://registry.npmjs.org/body-parser/-/body-parser-2.2.0.tgz 999ms (cache miss)
758 http fetch GET 200 https://registry.npmjs.org/express-session/-/express-session-1.18.2.tgz 1002ms (cache miss)
759 http fetch GET 200 https://registry.npmjs.org/bcryptjs/-/bcryptjs-3.0.2.tgz 1007ms (cache miss)
760 http fetch GET 200 https://registry.npmjs.org/express/-/express-5.1.0.tgz 1017ms (cache miss)
761 http fetch GET 200 https://registry.npmjs.org/debug/-/debug-2.6.9.tgz 1022ms (cache miss)
762 http fetch GET 200 https://registry.npmjs.org/object-inspect/-/object-inspect-1.13.4.tgz 1041ms (cache miss)
763 http fetch GET 200 https://registry.npmjs.org/qs/-/qs-6.14.0.tgz 1055ms (cache miss)
764 http fetch GET 200 https://registry.npmjs.org/iconv-lite/-/iconv-lite-0.6.3.tgz 1076ms (cache miss)
765 http fetch GET 200 https://registry.npmjs.org/iconv-lite/-/iconv-lite-0.7.0.tgz 1066ms (cache miss)
766 http fetch GET 200 https://registry.npmjs.org/iconv-lite/-/iconv-lite-0.7.0.tgz 1088ms (cache miss)
767 http fetch GET 200 https://registry.npmjs.org/mysql2/-/mysql2-3.15.0.tgz 1186ms (cache miss)
768 silly ADD node_modules/random-bytes
769 silly ADD node_modules/media-typer
770 silly ADD node_modules/dunder-proto
771 silly ADD node_modules/math-intrinsics
772 silly ADD node_modules/hasown
773 silly ADD node_modules/has-symbols
774 silly ADD node_modules/gopd
775 silly ADD node_modules/get-proto
776 silly ADD node_modules/es-object-atoms
777 silly ADD node_modules/es-define-property
778 silly ADD node_modules/function-bind
779 silly ADD node_modules/call-bind-apply-helpers
780 silly ADD node_modules/get-intrinsic
781 silly ADD node_modules/call-bound
782 silly ADD node_modules/side-channel-weakmap
783 silly ADD node_modules/side-channel-map
784 silly ADD node_modules/side-channel-list
785 silly ADD node_modules/object-inspect
786 silly ADD node_modules/es-errors
787 silly ADD node_modules/path-to-regexp
788 silly ADD node_modules/is-promise
789 silly ADD node_modules/unpipe
790 silly ADD node_modules/side-channel
791 silly ADD node_modules/ipaddr.js
792 silly ADD node_modules/forwarded
793 silly ADD node_modules/wrappy
794 silly ADD node_modules/ee-first
795 silly ADD node_modules/lru-cache
796 silly ADD node_modules/is-property
797 silly ADD node_modules/sqlstring
798 silly ADD node_modules/seq-queue
799 silly ADD node_modules/named-placeholders
800 silly ADD node_modules/lru.min
801 silly ADD node_modules/long
802 silly ADD node_modules/generate-function
803 silly ADD node_modules/denque
804 silly ADD node_modules/aws-ssl-profiles
805 silly ADD node_modules/mime-db
806 silly ADD node_modules/safer-buffer
807 silly ADD node_modules/toidentifier
808 silly ADD node_modules/setprototypeof
809 silly ADD node_modules/inherits
810 silly ADD node_modules/uid-safe
811 silly ADD node_modules/on-headers
812 silly ADD node_modules/depd
813 silly ADD node_modules/ms
814 silly ADD node_modules/safe-buffer
815 silly ADD node_modules/raw-body
816 silly ADD node_modules/raw-body/node_modules/iconv-lite
817 silly ADD node_modules/iconv-lite
818 silly ADD node_modules/bytes
819 silly ADD node_modules/negotiator
820 silly ADD node_modules/vary
821 silly ADD node_modules/type-is
822 silly ADD node_modules/statuses
823 silly ADD node_modules/serve-static
824 silly ADD node_modules/send
825 silly ADD node_modules/router
826 silly ADD node_modules/range-parser
827 silly ADD node_modules/qs
828 silly ADD node_modules/proxy-addr
829 silly ADD node_modules/parseurl
830 silly ADD node_modules/once
831 silly ADD node_modules/on-finished
832 silly ADD node_modules/mime-types
833 silly ADD node_modules/merge-descriptors
834 silly ADD node_modules/http-errors
835 silly ADD node_modules/http-errors/node_modules/statuses
836 silly ADD node_modules/fresh
837 silly ADD node_modules/finalhandler
838 silly ADD node_modules/etag
839 silly ADD node_modules/escape-html
840 silly ADD node_modules/encodeurl
841 silly ADD node_modules/debug
842 silly ADD node_modules/cookie-signature
843 silly ADD node_modules/cookie
844 silly ADD node_modules/content-type
845 silly ADD node_modules/content-disposition
846 silly ADD node_modules/body-parser
847 silly ADD node_modules/accepts
848 silly ADD node_modules/mysql2
849 silly ADD node_modules/mysql2/node_modules/iconv-lite
850 silly ADD node_modules/express-session
851 silly ADD node_modules/express-session/node_modules/ms
852 silly ADD node_modules/express-session/node_modules/debug
853 silly ADD node_modules/express-session/node_modules/cookie-signature
854 silly ADD node_modules/express
855 silly ADD node_modules/dotenv
856 silly ADD node_modules/bcryptjs
857 silly REMOVE node_modules/etc
858 verbose cwd D:\audit-cell
859 verbose os Windows_NT 10.0.26100
860 verbose node v22.19.0
861 verbose npm  v10.9.3
862 notice
862 notice New [31mmajor[39m version of npm available! [31m10.9.3[39m -> [34m11.6.0[39m
862 notice Changelog: [34mhttps://github.com/npm/cli/releases/tag/v11.6.0[39m
862 notice To update run: [4mnpm install -g npm@11.6.0[24m
862 notice  { force: true, [Symbol(proc-log.meta)]: true }
863 verbose exit 0
864 info ok
